# Downloading pre-built

## Checking installation

#### Plugin call: `load_versions`

**INPUT**:
```
{"context":{"proto_version":"0.62.2","temp_dir":"/temp/moon","working_dir":"/cwd"},"initial":"2.5.2"}
```

**OUTPUT**:
```
{"latest":"2.5.4","aliases":{"latest":"2.5.4"},"versions":["1.0.0","1.0.1","1.0.2","1.0.3","1.1.0","1.1.1","1.2.0","1.2.1","1.2.2","1.3.0","1.3.1","1.3.2","1.4.0","1.5.0","1.5.1","1.6.0","1.6.1","1.7.0","1.7.1","1.7.2","1.7.3","1.8.0","1.8.1","1.8.2","1.8.3","1.9.0","1.9.1","1.9.2","1.10.0","1.10.1","1.11.0","1.11.1","1.12.0","1.12.1","1.13.0","1.13.1","1.13.2","1.13.3","1.13.4","1.13.5","1.14.0","1.14.1","1.14.2","1.14.3","1.14.4","1.14.5","1.15.0","1.15.1","1.15.2","1.15.3","1.15.4","1.16.0","1.16.1","1.16.2","1.16.3","1.16.4","1.16.5","1.17.0","1.17.1","1.17.2","1.17.3","1.17.4","1.18.0","1.18.1","1.18.2","1.18.3","1.18.4","1.18.5","1.19.0","1.19.1","1.19.2","1.19.3","1.20.0","1.20.1","1.21.0","1.21.1","1.21.2","1.21.3","1.21.4","1.22.0","1.22.1","1.22.2","1.22.3","1.22.4","1.22.5","1.22.6","1.22.7","1.22.8","1.22.9","1.22.10","1.23.0","1.23.1","1.23.2","1.23.3","1.23.4","1.24.0","1.24.1","1.24.2","1.24.3","1.24.4","1.24.5","1.24.6","1.25.0","1.25.1","1.25.2","1.25.3","1.25.4","1.25.5","1.25.6","1.26.0","1.26.1","1.26.2","1.26.3","1.26.4","1.26.5","1.26.6","1.26.7","1.27.0","1.27.1","1.27.2","1.27.3","1.27.4","1.27.5","1.27.6","1.27.7","1.27.8","1.27.9","1.27.10","1.28.0","1.28.1","1.28.2","1.28.3","1.29.0","1.29.1","1.29.2","1.29.3","1.29.4","1.30.0","1.30.1","1.30.2","1.30.3","1.30.4","1.30.5","1.30.6","1.31.0","1.31.1","1.31.2","1.31.3","1.32.0","1.32.1","1.32.2","1.32.3","1.32.4","1.32.5","1.32.6","1.32.7","1.32.8","1.32.9","1.33.0","1.33.1","1.33.2","1.33.3","1.34.0","1.34.1","1.34.2","1.34.3","1.35.0","1.35.1","1.35.2","1.35.3","1.35.4","1.35.5","1.35.6","1.35.7","1.36.0","1.36.1","1.36.2","1.36.3","1.37.0","1.37.1","1.37.2","1.37.3","1.38.0","1.38.1","1.38.2","1.38.3","1.38.4","1.38.5","1.38.6","1.39.0","1.39.1","1.39.2","1.39.3","1.39.4","1.40.0","1.40.1","1.40.2","1.40.3","1.40.4","1.40.5","1.41.0","1.41.1","1.41.2","1.41.3","1.41.4","1.41.5","1.41.6","1.41.7","1.41.8","2.0.0","2.0.0-alpha.0","2.0.0-alpha.1","2.0.0-alpha.2","2.0.0-alpha.3","2.0.0-alpha.4","2.0.0-alpha.5","2.0.0-alpha.6","2.0.0-alpha.7","2.0.0-alpha.8","2.0.0-alpha.9","2.0.0-alpha.10","2.0.0-alpha.11","2.0.0-beta.0","2.0.0-beta.1","2.0.0-rc.0","2.0.0-rc.1","2.0.0-rc.2","2.0.0-rc.3","2.0.0-rc.4","2.0.0-rc.5","2.0.1","2.0.2","2.0.3","2.0.4","2.1.0","2.1.1","2.1.2","2.1.3","2.1.4","2.2.0","2.2.1","2.2.2","2.2.3","2.2.4","2.2.5","2.2.6","2.3.0","2.3.1","2.3.2","2.3.3","2.3.4","2.3.5","2.4.0","2.4.1","2.4.2","2.4.3","2.4.4","2.4.5","2.4.6","2.5.0","2.5.1","2.5.2","2.5.3","2.5.4"]}
```

## Running pre-install hooks

## Installing tool

#### Plugin call: `download_prebuilt`

**INPUT**:
```
{"context":{"proto_version":"0.62.2","temp_dir":"/temp/moon","tool_dir":"/proto/tools/moon/2.5.2","version":"2.5.2","working_dir":"/cwd"},"install_dir":"/proto/tools/moon/2.5.2"}
```

**OUTPUT**:
```
{"archive_prefix":"moon_cli-x86_64-unknown-linux-gnu","checksum_name":"moon_cli-x86_64-unknown-linux-gnu.tar.xz.sha256","checksum_url":"https://github.com/moonrepo/moon/releases/download/v2.5.2/moon_cli-x86_64-unknown-linux-gnu.tar.xz.sha256","download_name":"moon_cli-x86_64-unknown-linux-gnu.tar.xz","download_url":"https://github.com/moonrepo/moon/releases/download/v2.5.2/moon_cli-x86_64-unknown-linux-gnu.tar.xz"}
```

# Failure

**ERROR**:
```
Failed to make HTTP request for https://github.com/moonrepo/moon/releases/download/v2.5.2/moon_cli-x86_64-unknown-linux-gnu.tar.xz.sha256.
Cache error: error sending request for url (https://github.com/moonrepo/moon/releases/download/v2.5.2/moon_cli-x86_64-unknown-linux-gnu.tar.xz.sha256)
```

